
/Users/javillinares/Documents/Antigravity/Sóc de Poble/src/app/context/DesignContext.jsx
  78:8  warning  React Hook useEffect has a missing dependency: 'compactMenus'. Either include it or remove the dependency array  react-hooks/exhaustive-deps

/Users/javillinares/Documents/Antigravity/Sóc de Poble/src/components/AppLayout.jsx
   4:10  error  'Plus' is defined but never used          unused-imports/no-unused-imports
   4:16  error  'Ruler' is defined but never used         unused-imports/no-unused-imports
   4:23  error  'ScanLine' is defined but never used      unused-imports/no-unused-imports
  13:8   error  'GlobalFooter' is defined but never used  unused-imports/no-unused-imports

/Users/javillinares/Documents/Antigravity/Sóc de Poble/src/components/Carousel.jsx
  18:5  warning  Unused eslint-disable directive (no problems were reported from 'react-hooks/exhaustive-deps' or 'react-hooks/set-state-in-effect')

/Users/javillinares/Documents/Antigravity/Sóc de Poble/src/components/ChatDetail.jsx
   74:17  warning  The ref value 'timersRef.current' will likely have changed by the time this effect cleanup function runs. If this ref points to a node rendered by React, copy 'timersRef.current' to a variable inside the effect, and use that variable in the cleanup function  react-hooks/exhaustive-deps
  345:5   warning  React Hook useCallback has missing dependencies: 'replyingToItem' and 'safeSetTimeout'. Either include them or remove the dependency array                                                                                                                         react-hooks/exhaustive-deps
  387:6   warning  React Hook useEffect has a missing dependency: 'safeSetTimeout'. Either include it or remove the dependency array                                                                                                                                                  react-hooks/exhaustive-deps

/Users/javillinares/Documents/Antigravity/Sóc de Poble/src/components/ChatList.jsx
   1:47  error  'useRef' is defined but never used              unused-imports/no-unused-imports
   3:10  error  'Plus' is defined but never used                unused-imports/no-unused-imports
   3:16  error  'X' is defined but never used                   unused-imports/no-unused-imports
   9:10  error  'supabaseService' is defined but never used     unused-imports/no-unused-imports
  10:8   error  'GroupCreationModal' is defined but never used  unused-imports/no-unused-imports

/Users/javillinares/Documents/Antigravity/Sóc de Poble/src/components/GlobalModals.jsx
  13:8  error  'TallerTrellat' is defined but never used          unused-imports/no-unused-imports
  14:8  error  'IAIARoleSelectorModal' is defined but never used  unused-imports/no-unused-imports
  17:8  error  'GuestInteractionModal' is defined but never used  unused-imports/no-unused-imports

/Users/javillinares/Documents/Antigravity/Sóc de Poble/src/entry.jsx
  22:8  error  'UnifiedStatus' is defined but never used  unused-imports/no-unused-imports

/Users/javillinares/Documents/Antigravity/Sóc de Poble/src/hooks/useBidirectionalSupabaseSync.js
  67:6  warning  React Hook useEffect has a missing dependency: 'syncToSupabase'. Either include it or remove the dependency array  react-hooks/exhaustive-deps

/Users/javillinares/Documents/Antigravity/Sóc de Poble/src/hooks/useCIDRenderer.js
  232:6   warning  React Hook useEffect has a missing dependency: 'resolveCidsWithLimit'. Either include it or remove the dependency array                                                                                                                                          react-hooks/exhaustive-deps
  238:43  warning  The ref value 'cacheRef.current' will likely have changed by the time this effect cleanup function runs. If this ref points to a node rendered by React, copy 'cacheRef.current' to a variable inside the effect, and use that variable in the cleanup function  react-hooks/exhaustive-deps
  243:16  warning  The ref value 'fetchRef.current' will likely have changed by the time this effect cleanup function runs. If this ref points to a node rendered by React, copy 'fetchRef.current' to a variable inside the effect, and use that variable in the cleanup function  react-hooks/exhaustive-deps

/Users/javillinares/Documents/Antigravity/Sóc de Poble/src/pages/ProjectPresentation.jsx
  294:8  warning  React Hook useCallback has missing dependencies: 'forcedHtml', 'forcedSubtitle', and 'forcedTitle'. Either include them or remove the dependency array. If 'setHtmlContent' needs the current value of 'forcedHtml', you can also switch to useReducer instead of useState and read 'forcedHtml' in the reducer  react-hooks/exhaustive-deps

✖ 23 problems (13 errors, 10 warnings)
  13 errors and 1 warning potentially fixable with the `--fix` option.

